Christopher Moody
Monkey D. Luffy
Sayyida Al Hurda
