blnspsnajafdnouyttmf
bpvzawdythkfiqojjwfx
bygaxfpqszawdjiuydrn
eqpqgdmodckjrvfrqyxi
kdqpelwuvtoyyyiwdzuq
kpbrpxzxmoexadjfbkls
ohejngbllnbpbjuwyuzk
unhvluhogcikvmyzngke
vmfzdxjimcwtyyzbibif
ydkpunzktfqhxymzvvoa
