A
AA
AB
AC
AD
AE
AF
AG
AH
AI
AJ
AK
AL
AM
AN
AO
AP
AQ
AR
AS
AT
AU
AV
AW
AX
AY
AZ
B
BA
BB
BC
BD
BE
BF
BG
BH
BI
BJ
BK
BL
BM
BN
BO
BP
BQ
BR
BS
BT
BU
BV
BW
BX
BY
BZ
C
CA
CB
CC
CD
CE
CF
CG
CH
CI
CJ
CK
CL
CM
CN
CO
CP
CQ
CR
CS
CT
CU
CV
CW
CX
CY
CZ
D
DA
DB
DC
DD
DE
DF
DG
DH
DI
DJ
DK
DL
DM
DN
DO
DP
DQ
DR
DS
DT
DU
DV
DW
DX
DY
DZ
E
EA
EB
EC
ED
EE
EF
EG
EH
EI
EJ
EK
EL
EM
EN
EO
EP
EQ
ER
ES
ET
EU
EV
EW
EX
EY
EZ
F
FA
FB
FC
FD
FE
FF
FG
FH
FI
FJ
FK
FL
FM
FN
FO
FP
FQ
FR
FS
FT
FU
FV
FW
FX
FY
FZ
G
GA
GB
GC
GD
GE
GF
GG
GH
GI
GJ
GK
GL
GM
GN
GO
GP
GQ
GR
GS
GT
GU
GV
GW
GX
GY
GZ
H
HA
HB
HC
HD
HE
HF
HG
HH
HI
HJ
HK
HL
HM
HN
HO
HP
HQ
HR
HS
HT
HU
HV
HW
HX
HY
HZ
I
IA
IB
IC
ID
IE
IF
IG
IH
II
IJ
IK
IL
IM
IN
IO
IP
IQ
IR
IS
IT
IU
IV
IW
IX
IY
IZ
J
JA
JB
JC
JD
JE
JF
JG
JH
JI
JJ
JK
JL
JM
JN
JO
JP
JQ
JR
JS
JT
JU
JV
JW
JX
JY
JZ
K
KA
KB
KC
KD
KE
KF
KG
KH
KI
KJ
KK
KL
KM
KN
KO
KP
KQ
KR
KS
KT
KU
KV
KW
KX
KY
KZ
L
LA
LB
LC
LD
LE
LF
LG
LH
LI
LJ
LK
LL
LM
LN
LO
LP
LQ
LR
LS
LT
LU
LV
LW
LX
LY
LZ
M
MA
MB
MC
MD
ME
MF
MG
MH
MI
MJ
MK
ML
MM
MN
MO
MP
MQ
MR
MS
MT
MU
MV
MW
MX
MY
MZ
N
NA
NB
NC
ND
NE
NF
NG
NH
NI
NJ
NK
NL
NM
NN
NO
NP
NQ
NR
NS
NT
NU
NV
NW
NX
NY
NZ
O
OA
OB
OC
OD
OE
OF
OG
OH
OI
OJ
OK
OL
OM
ON
OO
OP
OQ
OR
OS
OT
OU
OV
OW
OX
OY
OZ
P
PA
PB
PC
PD
PE
PF
PG
PH
PI
PJ
PK
PL
PM
PN
PO
PP
PQ
PR
PS
PT
PU
PV
PW
PX
PY
PZ
Q
QA
QB
QC
QD
QE
QF
QG
QH
QI
QJ
QK
QL
QM
QN
QO
QP
QQ
QR
QS
QT
QU
QV
QW
QX
QY
QZ
R
RA
RB
RC
RD
RE
RF
RG
RH
RI
RJ
RK
RL
RM
RN
RO
RP
RQ
RR
RS
RT
RU
RV
RW
RX
RY
RZ
S
SA
SB
SC
SD
SE
SF
SG
SH
SI
SJ
SK
SL
SM
SN
SO
SP
SQ
SR
SS
ST
SU
SV
SW
SX
SY
SZ
T
TA
TB
TC
TD
TE
TF
TG
TH
TI
TJ
TK
TL
TM
TN
TO
TP
TQ
TR
TS
TT
TU
TV
TW
TX
TY
TZ
U
UA
UB
UC
UD
UE
UF
UG
UH
UI
UJ
UK
UL
UM
UN
UO
UP
UQ
UR
US
UT
UU
UV
UW
UX
UY
UZ
V
VA
VB
VC
VD
VE
VF
VG
VH
VI
VJ
VK
VL
VM
VN
VO
VP
VQ
VR
VS
VT
VU
VV
VW
VX
VY
VZ
W
WA
WB
WC
WD
WE
WF
WG
WH
WI
WJ
WK
WL
WM
WN
WO
WP
WQ
WR
WS
WT
WU
WV
WW
WX
WY
WZ
X
XA
XB
XC
XD
XE
XF
XG
XH
XI
XJ
XK
XL
XM
XN
XO
XP
XQ
XR
XS
XT
XU
XV
XW
XX
XY
XZ
Y
YA
YB
YC
YD
YE
YF
YG
YH
YI
YJ
YK
YL
YM
YN
YO
YP
YQ
YR
YS
YT
YU
YV
YW
YX
YY
YZ
Z
ZA
ZB
ZC
ZD
ZE
ZF
ZG
ZH
ZI
ZJ
ZK
ZL
ZM
ZN
ZO
ZOO
ZOP
ZOQ
ZOR
ZOS
ZOT
ZOU
ZOV
ZOW
ZOX
ZOY
ZOZ
ZP
ZPA
ZPB
ZPC
ZPD
ZPE
ZPF
ZPG
ZPH
ZPI
ZPJ
ZPK
ZPL
ZPM
ZPN
ZPO
ZPP
ZPQ
ZPR
ZPS
ZPT
ZPU
ZPV
ZPW
ZPX
ZPY
ZPZ
ZQ
ZQA
ZQB
ZQC
ZQD
ZQE
ZQF
ZQG
ZQH
ZQI
ZQJ
ZQK
ZQL
ZQM
ZQN
ZQO
ZQP
ZQQ
ZQR
ZQS
ZQT
ZQU
ZQV
ZQW
ZQX
ZQY
ZQZ
ZR
ZRA
ZRB
ZRC
ZRD
ZRE
ZRF
ZRG
ZRH
ZRI
ZRJ
ZRK
ZRL
ZRM
ZRN
ZRO
ZRP
ZRQ
ZRR
ZRS
ZRT
ZRU
ZRV
ZRW
ZRX
ZRY
ZRZ
ZS
ZSA
ZSB
ZSC
ZSD
ZSE
ZSF
ZSG
ZSH
ZSI
ZSJ
ZSK
ZSL
ZSM
ZSN
ZSO
ZSP
ZSQ
ZSR
ZSS
ZST
ZSU
ZSV
ZSW
ZSX
ZSY
ZSZ
ZT
ZTA
ZTB
ZTC
ZTD
ZTE
ZTF
ZTG
ZTH
ZTI
ZTJ
ZTK
ZTL
ZTM
ZTN
ZTO
ZTP
ZTQ
ZTR
ZTS
ZTT
ZTU
ZTV
ZTW
ZTX
ZTY
ZTZ
ZU
ZUA
ZUB
ZUC
ZUD
ZUE
ZUF
ZUG
ZUH
ZUI
ZUJ
ZUK
ZUL
ZUM
ZUN
ZUO
ZUP
ZUQ
ZUR
ZUS
ZUT
ZUU
ZUV
ZUW
ZUX
ZUY
ZUZ
ZV
ZVA
ZVB
ZVC
ZVD
ZVE
ZVF
ZVG
ZVH
ZVI
ZVJ
ZVK
ZVL
ZVM
ZVN
ZVO
ZVP
ZVQ
ZVR
ZVS
ZVT
ZVU
ZVV
ZVW
ZVX
ZVY
ZVZ
ZW
ZWA
ZWB
ZWC
ZWD
ZWE
ZWF
ZWG
ZWH
ZWI
ZWJ
ZWK
ZWL
ZWM
ZWN
ZWO
ZWP
ZWQ
ZWR
ZWS
ZWT
ZWU
ZWV
ZWW
ZWX
ZWY
ZWZ
ZX
ZXA
ZXB
ZXC
ZXD
ZXE
ZXF
ZXG
ZXH
ZXI
ZXJ
ZXK
ZXL
ZXM
ZXN
ZXO
ZXP
ZXQ
ZXR
ZXS
ZXT
ZXU
ZXV
ZXW
ZXX
ZXY
ZXZ
ZY
ZYA
ZYB
ZYC
ZYD
ZYE
ZYF
ZYG
ZYH
ZYI
ZYJ
ZYK
ZYL
ZYM
ZYN
ZYO
ZYP
ZYQ
ZYR
ZYS
ZYT
ZYU
ZYV
ZYW
ZYX
ZYY
ZYZ
ZZ
ZZA
ZZB
ZZC
ZZD
ZZE
ZZF
ZZG
ZZH
ZZI
ZZJ
ZZK
ZZL
ZZM
ZZN
ZZO
ZZP
ZZQ
ZZR
ZZS
ZZT
ZZU
ZZV
ZZW
ZZX
ZZY
ZZZ
