aggkviwbawtkbxvdrgba
alguvxcohhkmpiufycfg
auqxtzgfsobtykvqmfie
azajbdhuujwrornobcyt
blcxpryfipyovncloify
bsxntfihykkcdweomiyf
cbigagigzkhgptjdvqgp
clpugcmwqgencltkbonn
dfxdeinxdctivldkqlxj
didjyucixxmfavosytrp
dwjfhrrkxzkwwhocggbh
dykftzoyyrzeonxrohtp
ebltgdaqeammiujdswnh
ejybhheqciachdlxqjyc
etkxekvznwclcifwzntv
euxhqjzzhhsdvmbgdbxr
ewejhsjrhgnucpweuofx
eyfcsrtkdfzlnhocggkj
faowyodzltxjwiardsid
fbqwrsxhxhgsvtefzgdu
ffuebqoqcdytwckdrlta
fgyvqxclyupbtumshpcj
fhccmtxoqkhiuresiaws
fkmmzhciqdezuubaisyk
fredbpvvjuljlqtpvrit
frwaevfjceylmvclmcjx
ftqlyybhhynqadhtbxtk
fyoqtcnwyjgtoffunwul
gcmseijpdvntrtxjoxye
gfchvazlbacniwadvjnu
gfdspmoxuhweluyaoooa
ghbrxerktysqfauhcrls
gixtiodsyedtmccsrjmk
hnnnwydceffmlocuqvow
htfupsgvqkkfrlftgwqq
hujqttsiyyzhwwrgylsg
hzbnidoksslvrwgaouye
ibfwyhpsdvzbljwegldl
ifdakjjbethbnapongsx
ihiqhvokdzimrpbuqoyo
jfavgigafoqycbtnpwkc
jgvjeeibqsueerowgdxk
jpmygcudnofnfsjicbml
kbheehfgrcquuyeelagy
khgimxhjvbvzbytzscas
kmxapuktggigojitkfyw
lfxznoexqojkatnjgekk
lkvnisqhducpbnmzvsbc
lniawybywdaasvdbmkma
lqefvjxxdktuaadzyotn
lsaqtoyitjhdhciikndc
lsgtpzxhxhxjiadetzbm
ltfquxtxgzpwmgfevqum
lvyoimmesjtjyxsosbju
majhcnajmgfjaxumnnmz
moyuyedzbkhuuyfmnjhy
mtumghevjxswjzxqnilg
niwcylmwuvaqxtjtweji
npnseqxupspdpotzupea
nqqchyijkvvnwpfqzevo
nqzalbxfspvhbxyjxgmc
ootwigayocpixkvbwxoh
opnrmppniyovprudlyoh
pgpmutubusbiylunigqs
pnebrkzczsblfpmbigob
poerycnxijycbkwgquqh
puwqnmohbbmnxbxajriu
qdkuudtphunjwvejkzbc
qrpuvuhlylcuahwsvopi
qyfsbnmhwnoqymcjsmwl
qzwkdxhuuppstwcfdivf
reqbzmqncymhbektrxqd
rsaxumonbpmvrfudiinl
rvjhcxtbuaogwmirtqxs
rxglekhjwaihecfmhqky
sgziylytgxhsdtyztgfl
swtqdjaouhphcthmxkbx
tbbbsbtjwmpnaaigpkux
tbitqpzceznahxkrcxyo
timkkkynvbhqmiwgeooe
tvijafzruunzjwrpmolx
txmtvoqtnjmjchbeamkz
ulggyxxjchumoprxlxqg
ulyomtrvcdxannhnouhp
uyaolgkmefhqsznxlcth
vxqjyfsoocuriltrjevi
xddrqeehvrgaxtpxromi
xitdbuexmitfxdxbtgyv
xrrjvjqhsxtwoewkenmf
xsplcbkaswmjevaaalts
xwsejkylwtpnahwkoazx
ymlxnnspzvwzotxcwgqa
yxngbsvqvesvrwyyondt
zcoxeolnifmbyoabqvbp
zgebhnjlifxuyofpdsru
zhffjhjleamtezzbcofy
