akujowrtjhapfzaglhkh
apumqmqjzkoojyrxjfgg
bdxlhwnlsdmugfmvkgna
bjtomkolzzdtsereexvi
bljlybedvrjutdfhblkj
bmtursgjdhesjlkdlbam
cgsehcdocyasctcifggj
clacanolfwklojbmrmpk
cudpbpzfaxwtxipsofdk
cuvltaqecrjjoxevbqow
cyvslpneqtytwrkbzwey
dbnhucfxplnbkiwdddqy
dlslsqzeskzvuafywlez
dprmkgagaxlwoabocpja
duxmlvugtqqjockmhday
dzzugenmavaptejddxyl
ebzfgnatztftadzhxaum
esxxotwcblxnxcnpthcr
euaaljfdjhilcfaiyato
euagsyspcgfhbdousxpe
evvgcinfkltxwhogzvkw
fhgjmreqcnrqfwpqzand
fjfqmvfidhmjnbieolgg
fjigeomvwysficroqowr
flpbdtuevmtowhcycmzh
fsebxvnmnsvlebdfelbk
fussspevbbbzwpsnaxbv
gkkszukorzdkxzdnpleo
gmrjlrbviwojpzenhzyj
gnnplpudnpbwfdexkpzc
hbkweeopwfgaqyadlpqc
hjdannyaswoaudoycmdo
hllosngjdjpwcbwaczjh
hoqrphmmmunkryjxfxve
ikanxumqrrzpbvvfzoyy
ixqyylywhcvyjvgwmwfb
izlawfoztgtwnhskpqfp
jaoegsgdcxrkzlfoqwfp
jaxggarjkjsqhjnypkzg
jcgkwkmbvbeuhihncbhr
jchxjeuijlcxemhppthz
jcxpoemwguuiwwlhvfzl
jgfkpuyqulievulzaudx
jngafwyvyuepddgadirp
jwwzuwrzqlpjdhemkfjr
jzxcfqgjhhrrjsmvsdzi
kepqomapavfjzkfixdfg
khdfwfenlmdvptdtpjbn
ldjfajrcloiaielwvcbc
lgbgtqlspmawoazbehzf
lgeinbopdgbyzesgvaat
ljfijwhukxhnjipxxoen
lxgrwormeixtklwgsazp
mlxtwphpgvravuvenadp
nhaeznizqsjjrpyckypq
nqxsupxleoxtfzhwajkv
nsavppoaywpftzxmypar
olimbeptfzdjrtxrjopo
oqosdfjqriachvheepwu
owtkjovcbmqcxhrvxcst
pgfgodnvaquzhqhvtupw
pkljjzllpdxznovzwqlx
pmftuoetjmxsahwrrulh
qqhhmmlxbuhbhcnmjccg
qrrsahvvmvwzwxrmrgds
qzpwnawwlsaexreuhsdf
rgvqigxmtnjfjzobybho
rtczfpiauegcmrlashpj
sjqwlbsnsgngxxchxlhj
sjypgaknhqeigwplxjri
snssdmsratbojaneunqj
sypwsncreymzghydmjpl
tcddbcvawdumyfzsgewl
tmlkfrafwaliswkzxqgw
trwwztxblwpyerkeutom
tvpufjdvsurfoqwftfoh
txcbhoxfivlbesmlkfbz
uapnwgvpsanrpxlfdyjd
ufcxbwallfxysjhxhdxz
ullkoxnivfmqpfeeibaz
upbencvgxbphegvwzigr
uscgvfjpbefwnovmvngx
uwfhlzwinaxiapbfnzdu
uwvkxkbgvutbbaejjorn
vhjudtqwbmpxbfighudu
vitkmyypfbdshkxwmzoz
vncqtivsvcndbplqqfnq
wrcdrobuqwrbwwlkfoun
xbbbhiyrdrvulbebmndh
xeifnfeidfaoofzvnnej
xkzpvrcjmhdbuqxgumde
xnrrwitjsusnqkwyfrxv
xoldbzlidmoahvpfbhwq
yinziqhuimcfeqaspoaj
ywwoydtjkgwpuvlzdgqe
ywylxcwanknjuruopvui
yxotfsisrgkkwhslbibt
zmfsfbaxpncdvppswjzq
zwsnlkuxvgryhslphkdn
zzotmlbpkklyzornispc
