acpsy
afzov
alqss
askdr
avuge
azbyg
bckzu
cdeaf
cplsh
ctdsm
cyqyu
czgrb
dbhgw
dohjo
dtnce
ecure
ekujh
eponr
fhwhk
fkuaw
flcfk
flllj
fpyss
fqsbl
fxbsa
gmkmx
gttno
gyaze
hkthi
hmglo
hnjll
hphfj
hpppz
hrapo
itxwd
jaosh
jikyh
jqgag
jqsng
jrfmb
kzebh
ljxec
mgpvl
miofx
mnzom
nfqkq
noqlx
oacql
odjzk
ohaij
ojlaw
olrlv
oohua
oxnwl
pdxne
phwyr
pnukm
qchyj
qdaot
qmmvh
rdlev
sgxiu
shmqr
ssfyv
ssgba
subkq
sudua
swzqu
tchwu
tcmrj
tgulk
twhev
tyezi
tzlqv
ufczo
uqspm
ureww
vamli
vbjlw
vdvxh
vkjnd
vorvp
vrgpk
vrisv
vueuz
wcnjn
wvftc
wxdme
wyjng
xboth
xdecb
xmgoy
xsurj
xuogi
xwofp
xxava
ykzeq
zbjux
znuvq
zoxhd
