halibut:0
mackerel:0
salmon:1
snapper:0
squid:0
tuna:0
