halibut:0
mackerel:0
salmon:0
snapper:1
squid:0
tuna:0
