halibut:337
mackerel:680
salmon:2393
snapper:5192
squid:383
tuna:1015
