halibut:0
mackerel:1
salmon:0
snapper:0
squid:1
tuna:0
