halibut:1
mackerel:1
salmon:2
snapper:1
squid:1
tuna:1
