halibut:6
mackerel:3
salmon:6
snapper:0
squid:1
tuna:4
