halibut:14
mackerel:51
salmon:1
snapper:5
squid:3
tuna:26
