halibut:58
mackerel:55
salmon:152
snapper:122
squid:25
tuna:88
