halibut:165
mackerel:34
salmon:107
snapper:164
squid:52
tuna:478
