halibut:839
mackerel:348
salmon:478
snapper:73
squid:464
tuna:298
