halibut:547
mackerel:84
salmon:96
snapper:2056
squid:61
tuna:2156
