EMPLOYEE
BOT
CUSTOMER
EMPLOYEE
EMPLOYEE
EMPLOYEE
CUSTOMER
BOT
CUSTOMER
EMPLOYEE
BOT
CUSTOMER
CUSTOMER
BOT
CUSTOMER
CUSTOMER
EMPLOYEE
EMPLOYEE
BOT
CUSTOMER
CUSTOMER
BOT
BOT
BOT
CUSTOMER
EMPLOYEE
CUSTOMER
EMPLOYEE
EMPLOYEE
BOT
BOT
CUSTOMER
BOT
BOT
CUSTOMER
EMPLOYEE
CUSTOMER
EMPLOYEE
EMPLOYEE
EMPLOYEE
BOT
CUSTOMER
CUSTOMER
BOT
BOT
CUSTOMER
EMPLOYEE
CUSTOMER
EMPLOYEE
EMPLOYEE
CUSTOMER
EMPLOYEE
CUSTOMER
BOT
CUSTOMER
EMPLOYEE
EMPLOYEE
CUSTOMER
CUSTOMER
EMPLOYEE
BOT
BOT
CUSTOMER
BOT
CUSTOMER
CUSTOMER
CUSTOMER
EMPLOYEE
CUSTOMER
BOT
CUSTOMER
CUSTOMER
BOT
EMPLOYEE
CUSTOMER
CUSTOMER
EMPLOYEE
BOT
BOT
BOT
EMPLOYEE
CUSTOMER
CUSTOMER
CUSTOMER
EMPLOYEE
EMPLOYEE
EMPLOYEE
BOT
BOT
CUSTOMER
CUSTOMER
EMPLOYEE
CUSTOMER
BOT
BOT
CUSTOMER
BOT
EMPLOYEE
EMPLOYEE
CUSTOMER
