CBMgCJUeLOcRONdXIwLO
dpfEIiEkPcASwJuhtUBJ
eKYVQfUQbbCGeUMoFjAu
FnGeuwJxOjNAlNfiquao
GNSEnEjVZCnKRrEuBLfd
ygHSXvRppqyXsPWEUflR
