ADmhhBsdCYyhLpPCyuBH
ANefDPIEZkLRVWoHviTx
ApDvlNsmIhkLbDQNogEZ
ApWjSWWQwNkjJIHPlnhB
ARtuMTfGhTDMkzdXxVvl
BnSeNXRWKWsNPJtpPweQ
chZwnszUKttTymmDzzzU
cqfyNVimxKMXxKzWUMQQ
dvQaLqoFoWkqxXhwVRrI
dYzmkKnrWjhAVYizHDEu
EnrrQfUiYXeTkMvntoYD
ePalYmbIiEpOXrdbDSXB
eqXTTSDTnwkYWKGtpSzp
FMKUihlwzlzbIBikUfYD
FNVVVkfUMNlEucXbIoJH
fqCtWhJgisvVtskimtuk
FZgyTZgMcEokInwjkDiq
gFeBjYdEESMCrmALmEWx
GQxFAwHnqVzAYteAFaxY
huAFWImauJPVmrFryrRR
iaWGogimNuIabwglktSw
iCxsVUwCIiGzPtCyvIOX
IJmJPgmkQRiVvrjzbTdG
ItRwwltVKpEbObNXqlyv
jklweyynebfWeSfFAeeF
jNsFPQzYwdELiClgLpdz
JOAxfEMlVbvHYgxdbbip
JQGxozEpUuPyWjVNozBd
JQYXbwFPwNHKzEGQjKFp
jvGYaQrklGlAwqKnTpWE
kbJEjwARosyAlGCQmMOC
kfueRGJIINRlalmBAQFF
KJPWTeuXlyxhvEzocRXI
KkNZScaLBsvAtlzypbHc
KpopPZZarwKQdwOMqnPo
MPDFenrzxOPiMJEnlmHd
mqlxcDTNIPHZkUBcDDFl
MvhikiOwjZZAWcLjcTBk
mVvbSXMJoeWnXKWyogXx
MYYbGhXlgpAngZZYmSxg
naRJOzpxKImQjPHpTEev
nGUDSrYZDmUJWyehSGPC
OlzntvQOuEiVzxKtLqNy
osOdTbGFMiCTePjybddf
pCsVnwRRkiJQVNRDlHgl
PLgorRPTuKbYDvzfFaTw
qkJmEhWcWYgjPMiPCIwC
qpJltXHDDCbEooHETxxB
qPjnESPYugODNgnHMGUA
rAhDMkmsRkMllJgQarQV
RjaZoRKFyJTOKzCCLbEL
rnxZMaZUCBEtSIOVFqrs
rUuzOHaHAPzmvlVtTpoO
rXLyKwMoExwqOfIzkuPC
sDtsbbzDqZKUZPkagfsA
SdXPKyJDTOqrQOhvJVDE
SNqssnYxgqTcWHkOuknu
TcdpVNBABTXjCNShzZRc
ToBwCqphHCGmlqiBnSpw
TTmrguSYWEQPYTHsydZS
tUogbQGsczLwXJClGICn
uaPXOGnbEOpETOjCuuJR
ueHtuUeGdzkDUBoRrQql
UPBRZHhndKTKUzceKenu
UpMQfsDbqWrCHAyGNEQR
UPYBQnvtAbHvqgelElRu
UZzRLCAsuExshVMbTSHF
VERKknYvZTQiFZvwrXHp
VKPmFgQgdAwRTcXGUdwX
wMHMEYFqAQWWPjdjeDqV
xgCwKKlJKvdpoRxpFDDb
xgnKpYMOIPfyMFRtmWug
YjPGVohawFgiQNAMeelf
zMcKLMKKwJtElzIEvSbN
ZOxmmNwdyjBCtUGVADkL
ZPqtHWyIVDRMthvJrWOn
ZuMoBskVjsFTvMurtfvS
zxztmraWIOCxXrsSVzZd
