acrDipEUoJRLmKnhVMZs
acThjvsaIvpFboQlQYlb
adczYinRuawgGufkceLY
adZyyFxxzNFPDnflIltO
AEJGQBCaRxGtFfvRjNJo
AFlNhiQoBhaEfntmkapc
afnazGQyvCYwCFKcKcKR
AGMLwkfpYWVmZbMWvbkS
AGnIylWoJMRHmyYMHYty
ahfUUgnzKdCtJTePAywA
aIsTmnvFEgZTqcPsQmit
aivlidNmhjkNJraKnLZq
aiVtHFFwSZdjJzWeWqew
AIYWawQRxqYblxRPmoON
AjEeNxsOVRslhNdvMhCr
aJfxBzWEoQMrrqIPjeXM
ajuLZkROwtMZRlWvRhoR
AJYapDeKagbXIXMzczme
akpEORKmFvUbFfbWqAmF
aLDzflunVGWOHvxSsLlF
aLPchBwJIlbonQLguDJX
AmgAzvEnnniTFJJFAHfs
amjyTskkvCnbjejLnVgg
AmTmZcJVCxttOFNJahOz
ANWgsgXSSHbnOuqzPYlw
aoAADhUpZqpNcSYSqtGg
AqAqVcqKPSFwniEtDgKx
aQQjHGVCugJytkiZuOTN
aQuahlUwhTGLZJVxWLKH
aRGNdhRqysskAxnhPBLd
ARYTVftAVuSAnEEPogfR
aSyCQMPLAweIYVeaYUTL
atHCWvNuQdWGeSYEBMYT
AUHXJvTcdlaaRnMZfVGj
aukxPjEWiFmVBaClnzEq
aUznuBVjRpoJevgwOrjX
avXuDquYAEfpwOXxhcTV
AWdUssMhAqsOFykDWobf
aWfwzggaznkmDkxFVPLD
AwPQmdAzXVntyLMLVsgn
awVdQQGAeDdLPLEUzAqW
AXRXEMpcupiRsscpdmzk
ayNmWHzGweXgUKppUkgC
ayueoNjBrLzSNJizfYjL
baGmPhueNPtIRbjtrIxQ
BAVKKARygKVIECIRQSQK
bBhcCjxvfZRNQrYkyCBn
BbNzqDHgzJknTltfeDvr
bcBWTdiGorYLoViAjfsV
bCHttFLazdjjoEaypSlY
bDkfvfBUlaGZrlzsgPpo
BdYAdmyGlTgByzUqDjXT
bEzGtHJfenbbRLgUNEAl
bFjAWUDdOKXeXdDZGDfv
BFXoIlvwnxjuwZgztRfW
BGRyhpPKJLDFkORUNKQb
BIZNAlLMgbXrhancuueb
BkNdjQyQLArSxmWPKujv
bljuIVbdYNmAdkPLxqLk
bmjRzYUKzBMlmENiURFF
bnIDXsTVKdEsneVSqZOb
BnWZbatEAkZVxqtIUQAI
boHkEuvAVXjgpWLyZmBx
BPEmucNKDAFwjsMVVwpN
BPfLYBvEuScvZKQYyVUQ
BPiwxDrIDtPxSOJBdaFR
BpLiwdevwZStsweOLKvK
BPYsOMPnGsyCiFXvTJvh
BQuVvTlYvNfYGJRYJbkM
BRhKMTsWvhBDFmmdWpEk
bRIbuzYMcyxmJKVxTDMA
BRleTLGlXlXNZYBkrhuc
BrRwbFagxKvHqiQojVLy
bSagwNGcwkNkyBbsJzOI
bSFWkOFReNUGEIgsRXxB
BSgMPefTRmMquqeYlDHr
bspiHcnPiwSdtagUKxSv
BTHakehpKzFZpJdMEVlB
bTlCOJRkszhGoVWNABuh
BuhrTPdqxnuGZAvGpsQO
buNqcBJFkorIqRNLpmKe
bUoWiQTAAgoGsfgJCvNe
BusPfNnjBuaQkqXRgSWA
BWSZYGSpEZRKqiZdDdao
bxoPLOQQjXAkLldHUVYD
bYOsWIWpJZAqyNsIXaDn
bYsrPTIpwTsdfGJicttZ
CaXAAXfKCJdZmjHYJTms
cbKkMwNmEQIRcrutgtUC
CCKlGKTmEaPCvyXVGAng
cDFokMiOEhCFBjRqJbDm
cdRhbzwAVLsSOkprzjxn
CemocvAUCFvDQRyRnWEy
CePGtfupNkqtroPvqulG
cfGIqOqUuCfYTCUrlszJ
CfSLdPTHQodrgBWZXpVM
cfTBZSrmVJyDOESbJuAr
CgclaSLJRTMiCViLqqcC
cgeJdlaQAVDArMLGZkHU
ChqgTvRkyeLxnOYhJAVJ
CIDAQzVmrvINCIQVxdKs
CIjCCmBTEAaJtornzvJx
cIMZlaMrfrTrkdGiLRgK
cIVmNjHyudUnNXGlvYzm
cjpZsfoHUxUmMIIboKLC
CJWgpmzEJoHaYAFkieup
CkeDLYenRkNtSbkmBlxY
CKjdJqaHdrzZdBCEtclf
ClJalzYfZDSZGqAunjkB
clJibWJxsMLAaeckVtmD
cLKxoNjSKohmOzuAumqP
CLUhibAvIXCUGkNqgyZe
cmWGkqCSaMElSLZStKDU
cNbMfbePINBNrpsQdMjP
cnvLodlhfJUWMklsAFQE
cOczcVwnQrnrbqCznTnG
CoEEaQfVmslXfEafAHmf
CogrlJEppBiSmyQJqgre
copyOYTkcDtEecTpRhtO
cPmcRoCYFGnmgYCTMCsD
CQNNaejrnMvEeJYktLSr
crsFRZgBztGtdzUYpNUr
CRsrIMIfbadEVxWhzPZo
CsLRzKQEWQJTEVbNiTbm
cSXNhVWOTZLLwuwYSPMq
CtlRbMCGmkSVxslOJczS
CuifPwGtfrrqMmKbUGsW
cUkCQObjKQLYFhlPeWyP
CUKOPMyDplRhChpfziom
cuQNrmHWvfRXDjbAhdzK
CVIxkFyZEhNxtXqVeJxl
cVvxNXhbopdEnYLoMDLm
cwgcmrsURlqZzoErZmvR
cwpXwRqMeRQbttsvaIJs
CYwdZsdPHbzhcfoADGFO
CzgEvFqWVSYAaWhOwHxZ
DAgGBhNCTKtyYQMDwycr
dARCChgWmbqlbLFsBTJU
DAsMsSzQkEoxxSaqheos
dcMfLXLYsYcoixDLXJcU
DCrnbGjZQIMBAmZhrljv
dCtgqFqCgfoNsrhKtGGv
DdhEigXoBaCFBNKisMPa
DdLiIJqCLoMPZVUKbobH
dejtXqRPuMaSXMEANRKu
DfgtwResqThMFCkzrYvo
DhgTCGQnOWnkIApxBcWd
DhHldpfhXQsYWRrWXuzB
DhuMawlpvoNTQIRwquUD
DhziuHllQxZBleBGybXb
DiGgHzhLDqqCRCVBfzxP
diqNHckYNSqUfTQvKBxQ
DJNlUBHRImnDyRXvUubn
dkgSdyxCONXfGaPklEhi
dlpTrJIOsQOhBtfqUsIX
dMaEOjQumrvcINMfciPS
dmMhISFqRVIUFBNcWlZH
dmowrhaWbnSeTrTrQyvz
DMPxPlFFErGxyuTlvEFH
DMQvjUabmCAKfwdcXHKN
dNmBLlZUKcoYhMSpVaWv
dppvwydezkOppneJzgQR
DQhneejaMVLMKHehqHjg
drWzxgsxohCyZIasfbFh
dsgPlZNrKHVaXmWjGAOU
dstfwGbcKyZpxjbiubSL
dTnLKuBqaKasvLhPFyFM
DUneHfrKrGRofJVYZxEt
duwEtlIxBPxnVPBaGfJz
dwRgpPqMsyPSNkRFIaOI
DXbyCKPmaszYOCoVYVHo
DXCtpwhJHvYEwbVAloHY
dxlyJOEKrhuzDLCNtgZf
dxPqMJkXWbHRxcsaMGKQ
eABTJqoigfTNWfEopyKi
eaYSOosMjlYfNGrpTjRZ
ebojxgKpdLBmkdhrjwgR
ebWTZZKGiahXiIWMwhaB
EcKuQIDnqptEvuSGFxJk
eCRmQOJcqPegjNNCCbYi
EdTbNzDoWDePnFhFkeEn
EekRNrHXDVsxLydHTfgh
EelfnydEfnzcPwGJSGjZ
EfJsGKrLyzflOgZJYhQM
eGXwNsUBSjhKaQGkOovT
EHdZnOfHMPYPBRwDcura
EhEANjytyohHfOEyDUBW
EhjIBwKscSscaMrSPGrY
eHSZPmyGxuckIwClqdnM
EIHqVRjpGVeObDaLaaBI
eIJQFwBPQRvzrTpsfdQA
EilcNmtOrjwviZAEmKzv
EIneTTjXCrSuFdKZMznj
eirzsMFMDZatavkRgRln
EkioZcjDEfGCBhwWkJRy
ekkVjllFvGVSntnBxVky
EMpdMVviJblXsFXFQDmy
ENxmWhhTefIhswoGTPAJ
EoejBmdprGvxbSlJJmLG
eozYvZtaTnQZNzNChAtr
eQkmtRMHiIrEMKTfFcFn
EqQUwvAJPLJBhoUlruwB
ErMpAWIciMysRocHGieU
eryDUVFrEXFGlcPiTjoP
esTkXfYfqscooYsjclSm
ESuvujetGjoWOUKfFRQi
euAuyPWKChwzJrBRgoVY
EUQZwRRBfVkuyFVWhHpe
EuVgwDAtpCRpSZDusQiL
eviPUgBHcWghquRdEOPz
EvoWWnIXhVBagUapSRPO
eWyaONDqylTxWlMxRPjc
ExgrEarMOpGiKqdEwzoj
ExzrnzwJrWPuHDtnEoAQ
eyOGdEgkJOUEGfnhggnK
ezCvUGIPMhrkpFoWeXNC
fBLxyQLmrmvkcPshUKod
FcCrJfGnltsKSlykiDui
fcfDzPqAbLsnAJQrtGCF
fCXtJlYjfyzIuzRfIEpZ
fdthHvOXpqxRSKjgurkn
FeSUUtwdLGGrMdXfAeNm
FFErvkFFOhiDOAcSogDe
FFKcgXeUBUyCxpwjwuRD
FFSEcXDuPZxDeXrXNJFP
fGKaDidlvrZQzRgiwoLh
fHSKDXTiilXxDMStSqID
fiJNxWUgUbtUyYpIRySg
FiqijmTDKUfVycTvGSsL
FiyoXSRcrIwZPKjQdZaU
FJarvuLBYfcJJmYTXwil
FJFIkVuDCzZroYvToqvF
fJGScVNdaKjVYpwEoRRU
FlGSsymewotwYjxGDGjC
flVWmZLGOxBcpGQgSDgI
fMMYgFIHglBmxguEDSQs
fMTQGTCDDFKxCjgGGHtD
fNAHkWvmaasgTepOryZb
FNDVukfBuRYCarYYrSvy
fnOQKAFdogDJHzfMITeZ
fNZiahaUUTCPggiFlXBP
foagiOoOzbbPYBARngRH
FqHcRhDEcuuXpriSURTi
FQhEdnaUfFiWnrXZfQJh
fRtAVHyXVwRgfhssscpD
fRVIKFwtJwANyBfSMwpb
fUIdspcXUgSVmYSCHhPc
fUNQSrgkloQREdjEgJtU
FVAapoMEgoCrKNWbaLpI
fVCaDlkIUgLOIECgNVZO
fvPdXHOkOrkZbKgQhlDl
FWsrRuAKqtgXxbBGwevz
fxlFCOfuDQdluGCpJYWp
fXnFAXLfboKZFDOmtJVi
fxqCLWrGprtQDYVxSddp
fXYcmBWeSeLweehxSlem
fYumGaUeXQSVqGDWmPQs
gAGqhBUaVwqwhUVycEoT
GBMOcJCjVqQjVmIwbyKy
GbSyybpSRqrdbqfxdpSK
GcCValNbXouuSzhtwQiW
gCOiCgpnPMwDmBNgcWpP
GgBUnnMqKrdoBNyEtRVW
gGCSbsggwEWdmhVIGNEF
GIqcnLVFCpDyVCpQACed
GJaVbGZeALTduzdiwYeX
GKcmCjmkJKqnaSgZEewx
gkeBsjTcgCmWKUWGofqS
GlDWgSdIoBmfWpzRiSGH
GNAGZksLDLCGuPZPPpjb
GNlFAFeqRtPyMtKqIzhj
GoWAKzavCTmPKFuKtOyO
gPLPOkFFjvEPzkSXmxYb
GpuEryZaETDZhpksSPfr
gpvpTxrjvfNXqWMomcYX
GQYymYUXtOlwQIRquNVc
GQzsMIJkkTpmUgyOyWMC
gRlwswsByMiJtIvxJOHw
gTFiltsaAOJnGuQdEhsh
gvbxkEjsDIsphmVWeZNX
gzvEYurcyLlvtlOjsecs
HaBhYTrtfirNnJBMUdJt
haVawrGAzLkOuDyLaSwu
hAWDldqbMwyxIUmbXJHM
hbpwZkSrIrAEbRmEsiVg
HByhHbWCMFgeSttYLHyy
hceoVLgVWSEXSGTYHEUB
HChCWlVZtOCpruEgLPBt
hcHgczOmhHXLhdVBkoWo
HcQDChqyHGLahQZNrhfW
HDrJSINrAqbxHWXSpdLE
hEgrRkoKQMRYOQXdwrMW
heXNbgtpmHsbsxDSLZue
hFambkmzaWYMGGPohReX
HfgLZyehQUFiCBNwQeto
hFhhMnnaiwmqUmrunULe
hfUCzDvSLnZtcqiseIMC
HFZxeAuzGDqqEauGPtuZ
HIbunoPkBbUYdAIXiOVG
hIeGgIoOPflHRCeNbAEv
HigoFsNskzUmGuyJkfJx
HJqBlxhSitmTVQiXqKYl
hKzPmgiyYzpWWzurXEXu
hOAHadKMmRvWfuUlpVAY
hOaZNGDxFYNqeMqiuGRG
HoBQHJSnIdLCLlqIOoZw
HOmxWQmzndraahhBxFxk
hOzDjREhXbrLsvMTUKBU
HpcXCTIQeQmhJiqtxxLZ
HpIToemrpxBaZLVvkQmi
hPrHgGICFGFgWdEPKPAE
hqLMfQilPoXDJGyUdFqt
hrrugjhfTQMMzxFQwyxB
HTEmsNgbarfZxBXgItlg
hTqGcOEdhxIYCgjTZKjR
HTvIiptskjharIUvKGfj
hUFokNInqNhYCqnaEYwM
HwcuHhXTWztNDtrJYWEo
hWQJQiUXhzVPRZfUZjxe
hwwsgAdqcYWeGKjIwgnj
HXiOtuXnFhPLVADRSAZz
hYmTfYCORqDVpFOYipUc
HYxoErMbUegbeGSWMkxb
iapKVfdhnCcYMlwYNsqG
ibOgpgamaHobRnZFeJAn
iBSIVZwAXcjzftaQlPRI
idjGILcIZDObezgzWfgT
iDqIqBfCKpRfBrNNBMSh
IEnJdDRApCVYQQnziKgD
IeNziNiPmZclmwTCSWBd
iFHGoQyjbuwajbecdXhc
IFMmcCjROQXKdOEijWRg
iHfxBbLvJqDtUnNpTYcG
IjiUHZUwUxFQWNASuuqU
iJSszureHowGeGDBJvmY
iLFRyvVLDXBEwpVEsyxI
ILiJZkqHiPGyozpBfeiV
IMDYdPBFxsXSnmuYbJeo
IMGShZQnNQiAMnlzPuNZ
IOfXPdfteiZdFZCpzzVw
ioqdtqIestAboIXlmMBH
ioyebCvbPJEqzZsxTbXF
IPuAxeKtMBeFIpRzCusq
IQktVRNDMCdsacGxSHDG
IQYGdJuzcXieTeGHXYdo
irKZzMKqhNdcamdBSYbZ
IRRCXLUbzWGQyyWKuAMn
IsLOTvdBTbYNdnyaYCHM
ITdbRDBPaZbUprNJDmmE
IuThzdFaMqGYENvjiSJA
IWANlvHWBevXPbGyFoOv
iWFuRYqHvMfsQbbGDWfU
IWjCFWesrBtKfjyDupJP
iwJREfzmyKmrJJxgduKq
iwzcyCSyArUEQKOvStey
IxQPBdCFDquBsdCNiUbi
iZKCyxSDlXrDKoElOseZ
JARnBJhFboMzYQThbCLp
JCDSVzSinqcEpuaTVJXg
jGmZucvlJbghFYWScMsc
jgxsZAPxEFeoYJzbFHeR
JhYFBdVnSuiLrPVvURLE
jIopaJmuhIuPaGpmSjQo
jJAeFBZzYFkGjUpwGhXO
jJFFPnXmYGHXqZgNZcvk
JjGxDOdXBfWUglfEUTKY
jJmMqZQtZtXYvMATOXvj
JLDgZWMbFOuwakkwYOYC
JLtLnMsclxRweFfbGIPA
JNvmoiBZjrwVNLqETWKU
jOFXNsxJNKlDNjsLsiph
JOOXJnlwOrSqIZsUXUZw
jOxrrjubQxWVDoUEUmtn
JPrNbdWQRvrqdVAkiYNZ
jpSCCWlmZMqSpmtlCDhj
JpsrtUbAPzcbSDtsOLmH
jPuPpNIUnPQuCQGNeUVd
jQYYMUEvFkHyeTXXKhrt
jrcwzLxrLaTkyPYoRBZP
JSGbYCJhGJLSXoAOWRMW
jTyNyJWZYOwiMGpNWbau
JuByiQRXQNiLeqyBSZfi
JuDadOSNazCTgCbMYdFW
JUWirlXKculDqLUbXldl
jwMUpMWwpETYbWYJMlJk
jxEnvmlukCPethLPDVQt
JxOxCAgRSCwIobmIimUJ
JzZofKpBRlJqljMGYRuv
kadIXmpHksJRiBerqZHK
KaHeoLZEfUgRVqynsHwu
KALRBBGLJsuODemDFUYB
kauFFhijHMvPdJbOdzSd
KBiwiQtbRrCHVOtXYYdl
KbXCCOiAvLAZMcyIpoCm
kCSBXuBDZJReeTNAxyld
kddIzSNlNMPPaQQMonSP
kDVmNuAJRiTFBelvxKhq
kEPVVCoOcsOTQJgYCaEn
kfomuxrgwETpOWslpBBC
KGfGgACLAWYvcJCwCNQu
KHiSxBrtyPfLzADLNIXN
kIfeOfKqMRvzrOFOyMSp
KiUggZWqiWlpqKrHvhLV
kjskftwJGeavKkZqqCmc
KkgEzkFfsmMULkTVypQZ
kkpatmkUxwctQtFlGzlG
kLEoAUJHrptIVkIDeBVa
KlJVoxbtaHyyEclZwVOL
klsEXPxyLdsDvkDoZceh
KLwIVPMUxtNVlMOiIOFj
KmbLRkyPWSmuPawBkvUy
kmCwyfzpwrTmcwjXVmtB
KnvfCahazejYJSZWRHMG
KOcRJzRzMjiNjPhwHMNP
KPLAfxUwRmhRWxamRfDg
KQNHmBzSbmmWVXDkwnjv
KRlmVYUIWHvtOLgGrQOu
kRtLXPIqbDEaSTFhMPOp
kTPpSJrSIlMDgnmXnXBl
kuAjwtpYEeahAUvuxnoY
KUKQlXlbkoqIdmUxabBs
kUuwxemOmaSMVQzfhfCx
KvejbAQJcIgMoPjXccWj
KvrabujskZRfUPVjrpdZ
KWejxlFOllSbXPcWulZx
kYdOpbraVwrgfevlThqm
KyTaybGbtLqUGwuZNdZQ
kzoWWXYNCoMBHBNMDvZu
KzwLPCCMfzQiyCgNkTcH
kZwTeALhpEORMHjbClax
laIaDByGaOgOKWAHlkqV
laiLlCStxeYCrRlfKGPw
lANRajYGpBSQcTALXzBt
LaUWRqoEUVjzrMUYoLJo
LaVNCpOavLYZirYVoORf
lbbqhhoxFxNIuxaIcCyU
lbscZAJFPGCnSgXEHyhH
lbYrteVbEKoEZunPxYwB
LfLsGohSGQuYoHSOznRc
lFtjhHWhCSkpIoMnOLhH
lgSMcFdGNyiofEAwlSSW
LhdURsCGcUUAjzHbOMbt
LhwHyUgCFJbcJeoUQfoX
LIPzUOEnlImMtEHaIJFC
lIvVlaLIOLhttxMfmDQa
ljCvxrNrzdyZnSXhZrWO
llnssaIFleeEvmjFBOHa
lLZguATAdCvZKCjkUxSx
LmoBFcFlBOsQBTznycEC
LNOEboqgOlneDHYZYhFd
lOaKDVZAIkYOybxHcBTq
lOfcJmvKZWHmQurkpIUv
lojqHUKygSAQqYQBePdD
lOpevjNYPwcSyrFmtGvh
LPODJQYaNLmPaXckOGKw
LqvbHtHOPTBnEmdhVqGu
lRdnewggGIVJhXxWAVNM
LreblekQkwrYvnkyvsgy
LSCjZXBsXQMWZSQpKxId
LTjGbqqYXzAFyDYZEDFM
LTSfdqDgBKVJDFUpHNFl
lUhTdiqUweZaefTLGpuC
LUlFqnKoYTbsKkESRENp
LuviRpkqsLMlKUwHKgAR
lUXHKSgCRnmHAaymAGev
lviitmQUAWPOIQfQFzBI
LWJaxPmEzmDeAAghleVs
LZZGZYNuiVVmzmNkCQEz
MBaZtuJkOECmoDiWtkCM
MBLPMgruJVPFXdbjyioD
mbNJdaZUcOFcFiMUTMtU
MbxUtWMrcCzCeYkeQEBo
mehQQBFGMfeIYJsPabUb
mfHWbbNZOjoumjKPGycy
MFJiuPDCvfLzDDOTtiSG
mgPgHGMXiqMeaYtKTTVV
MGZUiBpPSChhDAKzvjmd
mHkIuGrPIZclKAZgPshi
mhZmkiconQXkiTIHWDPD
mIIKsZdxDhxaVKDzWEaZ
MITNfDQcexTljseHnsBR
MLJTjAvvumGAXtZhHApc
MLmIYJGGZjPJiofjdCWW
mlRMJimsqOQrupVovGvI
MlWDwMLdmdifsdeRPIaY
mNcFvFqZKORcOrkluMpm
MnfVdXGpiVugQzAkhzdu
mnjDAIGJBVGXEplFAdfV
mNyfnDvidMXSpZoLPhYx
mPYwQEsJnIIFymAgoNBx
mQgXycvnmyahPNCoEHpD
mQObxVAYOUjkTSoJqumO
MQolalOqXyfwIGbdFzKS
MQTcWYkzuImOtVmOgKkW
mqXcPzvtiFqCnYkBzPOk
MRDPwsKXnMoWHWvVpdJD
mRNVtzSmHCNtUwJIAVbi
MSTExqyGRenikoSKNVxL
MUTDcGVICtDMabhFhLvn
mvyePzOlcSWiOaglcTER
MwSDEjXYvEgYUPROylWN
MYKpltQmOmsuBihNmRya
MYlmUpfceOTrRBcJKPyM
MZiempwJFlKMhNRWIZIA
NAGndFgPFvYZNDOIyQjI
nbwjGYqsJywLqtwQplDO
ncoIsttPvRPFCRxOKWSJ
NdWfzxAlWKiGjDrDLGpJ
NfeXfaQJbgcmSbgarapV
ngAhPiHiVSlfCLCvHsNN
NIbPAnUVioMLKhoGWnRZ
nIltESrKRzqZbkPRXtBt
niMrjQCwqEqGCHaGvIcu
NIVsrCcemWWFgZuFoqNc
NkLQVIjmBMHgxyGOubdo
nkRuOrdAzUllAjvUpUIi
nladSciqTHXXIKFXAGzl
NlKSQetAbyJmlrqSQRrO
nlrXghMowgTCeyqzSLuC
NmpqmfNAZVokqZLLZlOt
nMXjGOLnafDuMRfaTpJg
nnAIvKvIIusCigenWTCp
NnNocGhLvTVkfowamVuR
NopghuBjlISKrFHqtauy
NOUyRlmvIdiXfAZqCtBi
nplHEusOWXcbraZnWwlF
nQUfxFPIGwLjeYmZybKX
NREOJOXVeixBBqXZyWZU
nsfgYSaQjYvUkypAzXWp
NSkvStAjSHDtUsnyurJU
NVdpLLOojEUGAdRkMfpJ
nvQTcvkOAVsaJfwDHLdP
NVttndTskrYDMquwuAGe
NwEUSAjjMXRZPazrmGXF
nwiLEPdRDBZqHsmUtHsL
NxFDmeQHXOnygLKyPbyd
nxFPAHSbhNAIBHOAKutj
nXKEVeOhveHDFuDmELkB
nXwNJiHVTiqTojexjCav
nYHqIeLuSwjoOVppGtaX
nzFGbkdrQNFTGntPioAW
NZOAxXvnsRkxZCrbFuTe
nzoffaikxhKnebJUUDUg
NzSRuVVMmSiibikmIRZH
oaSmNrsemZDTDiaFAIyi
OaXEDmixOMvXcsXNrjDe
oAZovpoGFQpIbPfolDAy
oBBrBgxcSmtNCtgpTcVi
obLxFYEjiIrmtmtivGVJ
OBrohlsIeclUNIsfqazV
ObzTPwsRhJnCZzwwMwEq
OcDCKoFBwOwThqmHhQtu
oCeQIIPFnBovtXbkwwrt
OcqlzYUzXCixcsmRXoIS
oczkfROaWJQOyGcSgMKZ
OdkmjYjGTddicEUmChRX
ODKpGBZSgcHrzmkIvHru
odvJNUDLExrfFfHWybaa
OdxjJICktOccedQfXuth
OEOqOvejsywGMFKVbAbw
oGfBApcDMrpmTJEaTRLu
OIMSchRReDOdddcxdxQf
oipKTVWsIFxOFtsAXVPc
oiZEPDcQsbAsJQQJYrTX
OKEJAOWzYhqpwVKzoGzI
OKpGAlaflKEdubfZhIOq
oKSmBAHUufGiGxNOZtQB
OlzZZTdXykGIfHaSpZDr
oocTVwbiqvrmmdCzqvHa
OoIRidYOgXJNtYtREptH
ookmZmUrrwJNtrNYgmKp
ooQbIDlsSQbElSClmEwV
OpNXXxCAqaAODMzvLGSn
OpRhcPJfuKYqQZXDnEnj
oPZDrAhbODbLsdTRYSuS
OqgBGbAkiTdjjYPOHcyV
OqzeoRLxICPLzSQYWbnN
osIYJfSJVCKUKbYAqSkU
OSVNFXqlySUcxcaeSJzI
OSWndSEDycIBaCiwOjdD
OtGDTdxaACkYtskmFfzx
otOKsHRzURPadKaMzqRI
oULfZQcvZEPRrNJrMUhN
OUMuxLOqHKnZSAnlxniS
OuvIgboryeHOCdJynBgQ
oVbpPlyTtUtSFpqaYXBJ
oWDlVeojrZXisOeusfeQ
OwWgZBcvAWinFCvqKfWZ
oxfNQQhUmuIpqhrJkuIH
oxrEDbTJTFyaiBKpMoGw
OyIyGgMjPevshJvmnUCW
OZGFgHFjoUIWsdMnDiXw
pAupLUtEmbBXcEKzcSmC
PbPZBGJZLDZDAGFctJAt
PBQeVEuJckTgXVPDLfOe
PcmMcNxtsLoSqjyHHOnE
pENcBvjvbKbKTfKmmUqU
peOZWAZbCnaDOFeGkWOq
perCywxLKceRfcNZqNys
PFHWLgwnUdQOsebxkbXs
PfnciTLQWhzDTysBLEiI
pfTtGzscmYRAtfJmZsqs
pFWlTnGbhFcQrBJmvLQk
pGxHLRyzNlcALyQHogaM
PhKqIIIVGrWUFKJeQLhq
phNFLLPcUIcXPtIChtiW
PiQBhddGxCmkpkSgcpFA
pkfzzcvUzDpjWGzTtpFC
pkxQtNhAofFwaSzGeAqB
plObIyjcbrNmZrwksXch
PmHEevknMRmFtTHEDEia
PNxlFqrMCUsfaALYKUVz
PpGNeGxakCcqZMAVOuXt
PPhjhHTlDcZQczvyDFVD
PPmPLZZwcdqRDUOAfVjK
PRAlxeOJxsyqWFwlurow
PspmTLyIrpxognCIgjCP
PSypZTGMsNWJrPWirVdw
PTcXxrujYRcjICQTlhJT
PtzdKOBULHNulFbqrEMf
PUaJNezatQjDyYtyBTuR
PvliOPZpZqQDPZbIpZtL
PWNoFBDioGRjcmxCFyqe
pXApLtUzzXgneMLpEBRP
PXFCaHrXlJTRxlhkwQzU
PxJNCurNoseoegsHrGph
pyObPkviKnCOYPZqDZUK
qAomaXAIbSndGrAXdhVa
QASBJyFTLApTdyvbxYZt
qaywHSjmvkuqJCADeezx
qbMdeJpryIfMCxZXHxOM
qCDVbJSOHWQwmFJxOJnw
QcROsXqzpedthmyFgACw
qDuBxItnYHQDfGeFvXZK
QEfNwkTCVennTrCSvIYs
QFcWQZCDsPThCopTBARl
QinNzMqRrjeAYCPWaGEn
QIphFEAeizwyECLssPGx
QJishDXnzItJlfnVaMqg
QjlAVRMRQkJlNrbnJldo
QJWcKTIfyiDmGqajsmwR
qJXQpTYnzULnNTlRjhfw
QKietdxVPATyWcxRBoiw
qlLISVBaAiHKyELrKIgL
QMNbTJPuCrFCRxicgcjW
QmRestRjnAdXamJFwmsO
qNbuWaMESEcWawiHsfNj
QOVgRchxDTQZlmDrWqDs
QPzlfRwPTksyxiIPrfPr
QRebzmZjKIHUAhiPoJEf
qrShbIYvVeYBssPGYAWV
QScWrbTthHoaVLAReJzs
qsYKsrpZZXBSUNoOzKcj
qTJnAtkNyQXkQtjUiJbS
QtTOyEcPmSZQPNAXWFlO
qTZyxVfOmjTgiMxXLWMR
quoYqJWovEmyGRaWIvxb
QUprviqlCknRBHSbSpbH
qvpTaXEMufWdiPamirSY
QvZPkPROQJmogfpdyCXO
QWpXLirNECUHJUTNecRe
QWrobCoLqkEnvKqqwhWw
qWVTWuPfJatTXoErfxys
QwyaPHXTGAGecaqdFHoi
qxopHhfPHeHPiSELTcUw
QyBDKCMwuqzBYcbjeWVH
QyfrnWQgwZWIoEUEihEw
qYUzLvYeRZtRWKbPuRkv
QZpkYGDXedtxLfgNExNT
QZuoGdZORzhTJebBEDpA
RBManqMxqLAiEFpmoIBc
rfGiPCtgrXorNudGAiFr
rFJpCXDrVPOWHEWBEQJK
rFpAPPEsYSNoXnUVihnK
rfwwYjgzulLRgvEFEuKB
RGcFecjeCysJfcDQvDLE
RGlIwMGpGomRMAhEEeAc
rGnlAXMoMltdWqyEimhM
RHecVDdKKtEOFxWCBBZo
rhRpSBmycNeqUmFWivbN
RIAyZVMWpjDFxGydCbHG
RivgtcKjDNihKsIMQXJA
RjcWdvENnzQiSMeydWmu
RKinZrFjGOLcUpbgUxyh
rKOhVFyjTrjPxGcytVUt
rLspjCBAxbnyXiYNgzpF
RmGkSfbFcwtmhRDVnhOw
rOzskdFHkFXsmzXRdWrv
RQqbpUCitEhIEaxxySwy
RrfFCWQRNOyLztqrasUs
rsHtoCeQpdYWLwLHCnwm
RtMHBnOdbQLDHKJTHhtt
rtxtRRIWPCmEgFkZdlPv
ruzsmnoBnRwbLexaXMub
RZjLzGWQKMAouRJNixct
rzTmGgeYjqSMGaHmagng
salLTKWkVuWhWfTEhoYj
sbswiUBZEZUVkGkAZfue
sCakyXKVVIsfewOmqacY
ScEZHqcCvuMqoLshdMcg
SCipxtgzalIaStJOHmps
scRIzWyfVVsiEXjzyVvt
sCUesnCMEoQYGfmtiikX
SDafxYLZZhfUTDTUMHkK
sdWNCuJUbSKJGLdgzanz
sFFeyXcVjmZWZEKlfnxI
SGMvtrbSkzDgxptOEDMO
SgoqpddBWJjLwnUJfZvB
sGRvPmdZzEHSjCdGdgeK
sGXfYwSKbwWmgaVXfCtx
sgZzznHWhMUnpRdcIZNh
sHdPpaYEmvetYTBOGZZO
SIazUGIkSOPVwuLTatpK
sIfFQNGxsaCbzqHQpace
sjGaQYDYATScgaArClhn
sjGfesrZszjWBzqsxEot
SJZPFBGUwumfvNQHNDdK
sKsJldEqcXFrmMQKDKHG
SLkEBuxpaVwxUiafAztI
SmjNThpEhAfmuKAiXdAw
sMlxRqnjyVWHfDFJpVVV
SnsjUXsEgoVfvUanRnYL
sODtFZolAOStgJxsUgmu
SPwpgiDAqIcitgDxSRDy
SpyhufRTAIUDegmIMklI
sQCKYZHSNAgAhHWDxbgP
SQfiQMEpUAViHJFifjSS
SQVdfTymIVWXuuBzfOeT
sRBxqQtMkeZdMoKxWatJ
SSTfZozbSkGumFzIXCHF
sTAQOGIQDhZczBsQuGDK
sTcPHdvxqRPvAtVVhoFz
sttlnSMZvArgYpTAuVQB
SuLuydAImBrMNGppyhxA
SumqkXhXzjZFuUGPRFyh
sVGxEBZLkUoRpuBgNqBI
SwbYgfTgztITLsWbHKDJ
tcaucNiTwaUSGlPvtBUH
tCKaWJyewnElbFniNeoV
tDPfcrlXajIKCwVviguA
TeMtUVvIkkWApXiEGbcl
tgbOnhdeaodcwtmjdjYY
tGdsxHNKurdjyBIaqORv
TgjROexukqZZPivEoLXN
tIPjBPXuYYBxdZtbvNLH
TJXnpONLVkAXEhcHApHY
tKsGikoWrsrcWAganOZg
tKwUTJjzWqJardkPrHdE
TLlXVmQybiyfUovpqOaN
tmvTNtsnbIqTcbtApotC
tnDrxQQgtRvFmdwpzhlL
tNEMEUmoDEFaifwcqyHt
tnQKfmdDtHGDKnAhaauI
TNreLdZUFSSFiBJQRhRh
TORcYEsgTUuPCNuFGonh
TPMnrosnwwetqFtcLthZ
TprPSyWXawrMrlHfdncK
TpxzVtEokTksEgHQlTRF
tQVfRqDmfRjgbjtQnxGW
tRdJxXoPlEaaOtomAdQd
tRiqGlWUDwPFOjWurVir
TRlKrljSRLQckTJEXsen
TsSOCpaEwRfpbVUwtCPq
TTzrjHgZuVYVCEYlROmC
TUlygAylYutwJoyqsSDC
TvzNSSNiwfUjzDIpyuAe
tXckiHRgfjKlcZFpkcES
txpXpLSdeHRNJFopAVFg
TYAsgfDEGrPAmpCaVmpP
TYFghwfEiEsmGpuFVzWH
UEAEZYkCBEyobSJuXLVr
UfTgJykCSIepVSdCLVnK
UGOsgCHJiHmjHsQLGMhv
UgZPRvzMjNMUWNxyoCRT
UivnsnzyHADJtZfcekjY
uJDheADItPknxLvQxqBm
uJDOtxcvtWhqWhasbMDZ
UkBKWGXKNsGAjRRAIXRJ
UKXaTErVfwQYSwwIWAbl
uLJobXuQrnDNoDQFqmvn
uMhATDMXyoFoFXnmONAh
UnbEEFFWFwZbSHPPTyra
unMpstwpCEvzszYWOzWN
uosDMoOCjlSgdGSBjFXn
UpEqGqSeYolRiQPusOgr
UQtxaeaqqVMPBOmuiTjb
uRJvmAyMihIdewlgTeJv
UrNytccxGIunnmpydGkE
UsbnFxHIeSHRZbVwWJgh
usNEAAGFigeZoznFXVwF
uSpFEkGfCDSGoEwGVJjF
UszwFRtlKFnqTGpNumBZ
uTRecIlOEqkKUOBkYVcr
uUMkpKRGfwVnfMGmLTBQ
uUtGyEdbWtAJWMFZCKbh
uVgfcHWtKYsElwHXwcDO
UvNyQOeChyteIDwMbxeY
uxfQwHxPJnVfLteZmrXJ
uXplygPRxxkRXUTSkZSj
UXqSkUNpKZWeZpyUQwlO
uYNSifBvomPTWIxXvMOn
uzcbggvRuyxktOxbuqsR
UZCfDakMqQweDlwTTYyk
uZfEZIWjMdhceoFEXGnp
VAVoUDEVIUZLVAuPrhQq
VbhfCPhLMUYdUKEIQZev
vBLwyuPsqqGDTKFnuZws
VbmMundQPNLqcBCTGZuw
vcJuNkPTACRRNNslBWcp
vdRCxTrECBNGAtKuhUvX
VdZqotLVKJdRyIgmYpmB
VesIgPqODoCSFqaNLyGP
vEVWQwJkgegSZHnEaYjS
vFFUOAuBhWZTGGcxeAbT
vgYfECtwnkfzTBfiSVqI
vhMqiXSwAicEWXQvCRBh
ViiozqNHrCOTaVKkzVAQ
viWwMvkASMyWcDSNLbRY
vKdnnWbVQGyhMJqQpyMi
vkFPGberNbHqFsDrtIdO
VmdhyXmngwzwCTpDEpKO
vpdVMIrggyZhKDxKkobd
vPYxXiHjNFBoSmsnYoCe
vqUONbHvIqkwgnJJiahS
VsgejaNfQniyBhiuFTeY
vsKbOLZnueDoCmYOOGyu
VsURDmWkgGRNnwUNvpxJ
vTcubbmksVeVmBIbvKKc
vTiXCZeqcqRLrfWdAKCz
vtsauLWNpbjwycBcPCxg
VTUQETzhXgbZLqYsIgPR
vUcwGwqjmYCkYuugUGHT
VuqdmapUghUbVynAjxwG
vUumVJfRrVqNorYxYRTQ
VvoOQHhwiWduZThhWJsE
VVZhbaLccUfbxwxCDZUI
vWrqVzzJSFrnsOuWJtvW
VxPaPRQVzLRTmkLKeBHX
VxxttYwSMuwJzbnCmfXk
VYjNKnvZytsOIxAAgPGj
VyXfDEHliQaJOKeFjTaO
VZsgSxkgGHQJsbEVIbKo
WBMmBiuMxKbUOnYtyNIs
wBZSStSrYhAOKlhgumaz
WCmnTmyoOBTacLmCrgBw
wCuplfzCQORVVrfKpkTW
wFIiiPHukHOdCkdXEMrB
wfQQvlBcLqqzfbLOLCwv
WFXQbcufzqzNNFLOCEmK
WgjlkWCeHZCBEyfbGuut
wguXgqiQSHmwcjjTzoQx
WHdYvlPdWSkiuUwasfgO
wIcOLjcaVECfNuYTxgCH
wIjYvaKthaaxXGwGCnrT
WJGcFoRqdWfvsVJekyqz
WKGCmAYiaNHrplpntjAz
WkgvSAeZwrdSiVxxUpIE
WknLTWaHUIFhWpCicikV
WLFrCMZTGTdmCdCyOQyn
WlnPytOPzUXkLFFGfzJE
wLOuxnVMMcBbhUoifqma
WLvRmZmExkjyTDwKepyh
WMIbXeHuEXaulHToliwx
wmxoPDgBnrkUHbYqJKzj
woAdXSmLvLfIuwiNJbEl
wOCADTumNaUlnkVqBgSl
woNeBzsSnGQeQnCirgwL
woUVWMrOygZTbHuOokjf
WOvYpMVIkaGCyIVkLCEO
WPbZaiSGVdiwkhzvuTGt
WPfUOQdCizwFpBeCNRpx
WpprbAKDobyGrPlrIFKa
WseBhVuwALPweMgbmODy
WseQZRTIKDdxDbNosuPw
WSXQDoTRkGJMBllqFRwz
WtEUqKsxvYfWSrUgxUdd
wTFJYYQTDIwGTswskbJm
WUvIRZjRpJPGsQUDjdPj
WuwVuhBAAoTdQgpMplPC
wvALzLqJvXWuyyXjYyaC
wVZHiJahdsSeqAUJOcGZ
wxaKBPvcFjzgVEkDeYFR
WXBjsJMONJAhDAUiKeje
WYrgYQOUHvovyxGFpFNV
wzezPwYIFwwabYBMKZaM
wZpaACoPQKSkUqFZcAqG
xaNXKMDxFJRoiMGyKvmK
XBsdcJzrkNUnrJaBfLep
XbVWkpIFBxMPKGDURugJ
xbylLsVvtJocLCUjKObn
xCeNGwqrwUkiBRhRMPop
XcIDXxDPzmqDAaNJjULV
XciXfaRTzCqrOUQaftvW
xCnhAPPvBQMZedohzXWP
XdLlgKKjxyJoFxQHfpmt
XDoTeIeRJPKxBIPnrvTE
xEpZtrXvjBJLaJsOpHkK
xeseSfTZgpWxpQigNPks
XfOceeqBehaIJTNwFwvA
XhRYMIrKXJHCnNfagCxZ
XIqnaCnhxtXpnxGdTuSU
xiXCnNJPNUJtyIZdQqgx
XKFPSYVYTVcNLmBZPjIU
XlgkhVXCMqUiOrDQcJWR
xLPOwQGlLKIlnhCvWydZ
xmLRXlhpsdNFxVCkfqKF
xNiNQpfrJYwyGcxYNdNr
XnlqpnNypdtmUzxRLHfG
XOqpsARlxRitzYUgNjSu
XpfkOWdBkidmpWbxHAoA
xqUjHYmvLWhKHwhYfEXS
xSHUvhWXmIjqVzBkvPzC
XuwIkFQyPkjDYtPttJRY
XVOHbfcwFKrnBYxdEuJy
XxkUkvPssVDUUXdfPjrL
XyAfVxEvnoglGYxmOkVB
XyexguXbqVClZcPEfqtn
XyqxbUiNydLcNNOeUSFd
XzreOJhUHDTJqzSffofk
XzSpUxfGJeQgZOYZjKIk
YadWFIeugzTiqYtGvRFx
YccJLkJLDeamdTdzHzVy
YdfxSKlFpVlOnLBlAUiW
YdpFTybwgIWEtmuKgiDA
ydsEIJtEFxDqGcwtMTyC
YdwjJBjwCkndxwDeGfmB
yETEWQTmCYwvYdddFwei
YFHYEltagSproNbZxZtm
yFLslPfjhqUECtNuTFbC
yfZJXoTyyiVDlRLumwae
yhSzNmbivIEhMjHRYpTh
yhtQrlIKrvvljQdBKQll
yjThSXRuVMwrIqblEezc
yKPOlsJAStpZedxHTWor
YlAuebAfYUXgJXzqcUMF
YLuLZQpGTjArFksouVfs
YmyNaYMfuElSYKvIHCpr
YNQqXcEBcQSkeIzgSWAM
YPCKLCwOBtOxhDPzOBYn
YQGdUdijKWsBAMANOJPY
YSVLHZNxRBiLknCqFLsx
YwKkytTNqyslATyARLUK
ywlRirxqsVeTjhidCPiZ
YWOrviOmHRfCaRwKcEiE
YWTvaoiARxphycWMFTvm
yWywFTancuCAEunapmbs
YXqaCWWhWiBgfOaqaXUp
yyaeEZcyLIcyEkjRkQKb
YypXYJgfcQnkNtKeFSBZ
YZDDxPxyGYLJlkEsUduc
ZaYMgzIBuNQMkuoaOETM
ZBnXAXZNbIAwRwNyXYJI
ZdQlbubOaxZideJsBZCj
ZgHlUPjGwEFHcizFyBHC
ZgqaFAcazUoQjVMmfMYM
zGXbwPwqhTYnviVCDpWT
ZHfhdnBGemvqMcpeTxBv
ZidCrSWeUWeTBkKtreUW
ziHBtEQYGJojHmGbfAUS
ZIXgwNRNBZcNTEbiXiMd
ZjAPNzmAIaEAXdBOVrzM
ZkeChhcMOGIgdxuhIPKP
zkzIIYlfhxmhTdCTZLfK
zlLkgeGWCSqqWLCHBvtv
zLzLCDflmWzwnGMvjtBH
ZMdVhwIxWnCBRUwsjVIb
zMeIXtzPlTVZSWiWjEWz
zmKAOnuKdMIbpoAgVBGY
ZmsMPQtkZaGmyEVhoPkK
ZoeQZELvXGXjahxDkhFu
ZpforTlrOcfWpIYqfjPQ
zPuRRQFaflrSYsHUvEhw
zQrZxaLlexEGYpXBcuvL
ZQwjDFKcSvQaOflciYKo
ZrnYllRlInHWmTFVklyf
ZRQFOzzuEyzeFVKijMUk
zrThFBRtmyNcgFIHARIV
zruKMDugVRFabdziQqlc
zsBOoghhWvEYqSErwZKV
zSkQSSvlPIdGpuXFPoSw
ztKGdgbySTsOeQHiQIbV
ZWdwCdAtzYfZDHBBiCRC
zwOWRPwegHcAswvGcNIj
zWQTdUljlngsjOYwXFpJ
zwvNFSxbRQOKOebAYhEU
ZxWndpOHnzMDsPzpbAAV
ZXYvPccUiYxwDJMmbdzy
ZYJmZRpOSvRbNyWBgpck
ZZCqgMpoObrGSilnzosf
zzZGsTRsDlpOzDRPGIRs
