606
767
2147483513
2147483426
414
629
2147483491
695
565
592
