120
37
240
3
88
109
243
185
245
236
141
31
114
65
79
46
170
214
140
131
231
126
203
36
46
68
174
92
64
130
180
210
242
147
131
75
216
5
42
72
52
7
213
188
94
35
99
169
125
13
